<?xml version="1.0" encoding="UTF-8"?>
<TestRun id="0da91485-1c80-4e91-b647-1912f9a93f7c" name="Tony@TONY-XPS 2011-03-20 17:26:01" runUser="TONY-XPS\Tony" xmlns="http://microsoft.com/schemas/VisualStudio/TeamTest/2010">
  <TestSettings name="Local" id="e129f8f6-f1d7-4c1a-a38e-6e2e988977cb">
    <Description>These are default test settings for a local test run.</Description>
    <Deployment enabled="false" runDeploymentRoot="Tony_TONY-XPS 2011-03-20 17_26_01">
      <DeploymentItem filename="C:\Projects\SimpleMvvmToolkit\Download\SimpleMvvmToolkit\Toolkit\Helpers\Project\WPF\SimpleMvvmToolkit-WPF\bin\Release\SimpleMvvmToolkit-WPF.dll" />
    </Deployment>
    <Execution>
      <TestTypeSpecific />
      <AgentRule name="Execution Agents">
      </AgentRule>
    </Execution>
  </TestSettings>
  <Times creation="2011-03-20T17:26:01.0915599-05:00" queuing="2011-03-20T17:26:01.1475631-05:00" start="2011-03-20T17:26:01.1635640-05:00" finish="2011-03-20T17:26:02.7416543-05:00" />
  <ResultSummary outcome="Completed">
    <Counters total="6" executed="6" passed="6" error="0" failed="0" timeout="0" aborted="0" inconclusive="0" passedButRunAborted="0" notRunnable="0" notExecuted="0" disconnected="0" warning="0" completed="0" inProgress="0" pending="0" />
  </ResultSummary>
  <TestDefinitions>
    <UnitTest name="TestRepeatSend" storage="c:\projects\simplemvvmtoolkit\download\simplemvvmtoolkit\toolkit\helpers\project\wpf\simplemvvmtoolkittest-wpf\bin\release\simplemvvmtoolkittest.dll" id="84e14121-214a-de50-8bb2-21a94d2f84f8">
      <Execution id="ecf3c604-b62e-4ebd-ab5c-06578cc8798a" />
      <TestMethod codeBase="C:/Projects/SimpleMvvmToolkit/Download/SimpleMvvmToolkit/Toolkit/Helpers/Project/WPF/SimpleMvvmToolkitTest-WPF/bin/Release/SimpleMvvmToolkitTest.DLL" adapterTypeName="Microsoft.VisualStudio.TestTools.TestTypes.Unit.UnitTestAdapter, Microsoft.VisualStudio.QualityTools.Tips.UnitTest.Adapter, Version=10.0.0.0, Culture=neutral, PublicKeyToken=b03f5f7f11d50a3a" className="SimpleMvvmToolkitTest.MessagingCleanupTests, SimpleMvvmToolkitTest, Version=1.0.0.0, Culture=neutral, PublicKeyToken=null" name="TestRepeatSend" />
    </UnitTest>
    <UnitTest name="TestOneWayMessage" storage="c:\projects\simplemvvmtoolkit\download\simplemvvmtoolkit\toolkit\helpers\project\wpf\simplemvvmtoolkittest-wpf\bin\release\simplemvvmtoolkittest.dll" id="f05d7b71-9cb7-a3d9-750a-e0403c6d208b">
      <Execution id="5f10ea16-1a2e-4c4a-9d65-33c8454844fb" />
      <TestMethod codeBase="C:/Projects/SimpleMvvmToolkit/Download/SimpleMvvmToolkit/Toolkit/Helpers/Project/WPF/SimpleMvvmToolkitTest-WPF/bin/Release/SimpleMvvmToolkitTest.DLL" adapterTypeName="Microsoft.VisualStudio.TestTools.TestTypes.Unit.UnitTestAdapter, Microsoft.VisualStudio.QualityTools.Tips.UnitTest.Adapter, Version=10.0.0.0, Culture=neutral, PublicKeyToken=b03f5f7f11d50a3a" className="SimpleMvvmToolkitTest.MessagingTests, SimpleMvvmToolkitTest, Version=1.0.0.0, Culture=neutral, PublicKeyToken=null" name="TestOneWayMessage" />
    </UnitTest>
    <UnitTest name="TestTwoWayMessage" storage="c:\projects\simplemvvmtoolkit\download\simplemvvmtoolkit\toolkit\helpers\project\wpf\simplemvvmtoolkittest-wpf\bin\release\simplemvvmtoolkittest.dll" id="5362e4b9-e088-7416-4e9f-da39f3300b82">
      <Execution id="b43565b6-177a-4d51-98ce-a3b55ea60164" />
      <TestMethod codeBase="C:/Projects/SimpleMvvmToolkit/Download/SimpleMvvmToolkit/Toolkit/Helpers/Project/WPF/SimpleMvvmToolkitTest-WPF/bin/Release/SimpleMvvmToolkitTest.DLL" adapterTypeName="Microsoft.VisualStudio.TestTools.TestTypes.Unit.UnitTestAdapter, Microsoft.VisualStudio.QualityTools.Tips.UnitTest.Adapter, Version=10.0.0.0, Culture=neutral, PublicKeyToken=b03f5f7f11d50a3a" className="SimpleMvvmToolkitTest.MessagingTests, SimpleMvvmToolkitTest, Version=1.0.0.0, Culture=neutral, PublicKeyToken=null" name="TestTwoWayMessage" />
    </UnitTest>
    <UnitTest name="TestSimpleMessage" storage="c:\projects\simplemvvmtoolkit\download\simplemvvmtoolkit\toolkit\helpers\project\wpf\simplemvvmtoolkittest-wpf\bin\release\simplemvvmtoolkittest.dll" id="1c488b03-c9f6-ea7b-5177-3462cab4f7dc">
      <Execution id="a090f92d-84bf-4dcc-8e78-08a9016ed454" />
      <TestMethod codeBase="C:/Projects/SimpleMvvmToolkit/Download/SimpleMvvmToolkit/Toolkit/Helpers/Project/WPF/SimpleMvvmToolkitTest-WPF/bin/Release/SimpleMvvmToolkitTest.DLL" adapterTypeName="Microsoft.VisualStudio.TestTools.TestTypes.Unit.UnitTestAdapter, Microsoft.VisualStudio.QualityTools.Tips.UnitTest.Adapter, Version=10.0.0.0, Culture=neutral, PublicKeyToken=b03f5f7f11d50a3a" className="SimpleMvvmToolkitTest.MessagingTests, SimpleMvvmToolkitTest, Version=1.0.0.0, Culture=neutral, PublicKeyToken=null" name="TestSimpleMessage" />
    </UnitTest>
    <UnitTest name="TestReceiverUnregister" storage="c:\projects\simplemvvmtoolkit\download\simplemvvmtoolkit\toolkit\helpers\project\wpf\simplemvvmtoolkittest-wpf\bin\release\simplemvvmtoolkittest.dll" id="a2994f62-9145-fbd7-044f-adb21377c3e7">
      <Execution id="05a59af9-7258-484e-9a71-e592b7ae649e" />
      <TestMethod codeBase="C:/Projects/SimpleMvvmToolkit/Download/SimpleMvvmToolkit/Toolkit/Helpers/Project/WPF/SimpleMvvmToolkitTest-WPF/bin/Release/SimpleMvvmToolkitTest.DLL" adapterTypeName="Microsoft.VisualStudio.TestTools.TestTypes.Unit.UnitTestAdapter, Microsoft.VisualStudio.QualityTools.Tips.UnitTest.Adapter, Version=10.0.0.0, Culture=neutral, PublicKeyToken=b03f5f7f11d50a3a" className="SimpleMvvmToolkitTest.MessagingCleanupTests, SimpleMvvmToolkitTest, Version=1.0.0.0, Culture=neutral, PublicKeyToken=null" name="TestReceiverUnregister" />
    </UnitTest>
    <UnitTest name="TestReceiverCleanup" storage="c:\projects\simplemvvmtoolkit\download\simplemvvmtoolkit\toolkit\helpers\project\wpf\simplemvvmtoolkittest-wpf\bin\release\simplemvvmtoolkittest.dll" id="da905ae7-2aeb-58b6-155e-c1db41d86cba">
      <Execution id="f030c3a3-7bd3-4254-b064-66a7a10395ee" />
      <TestMethod codeBase="C:/Projects/SimpleMvvmToolkit/Download/SimpleMvvmToolkit/Toolkit/Helpers/Project/WPF/SimpleMvvmToolkitTest-WPF/bin/Release/SimpleMvvmToolkitTest.DLL" adapterTypeName="Microsoft.VisualStudio.TestTools.TestTypes.Unit.UnitTestAdapter, Microsoft.VisualStudio.QualityTools.Tips.UnitTest.Adapter, Version=10.0.0.0, Culture=neutral, PublicKeyToken=b03f5f7f11d50a3a" className="SimpleMvvmToolkitTest.MessagingCleanupTests, SimpleMvvmToolkitTest, Version=1.0.0.0, Culture=neutral, PublicKeyToken=null" name="TestReceiverCleanup" />
    </UnitTest>
  </TestDefinitions>
  <TestLists>
    <TestList name="Results Not in a List" id="8c84fa94-04c1-424b-9868-57a2d4851a1d" />
    <TestList name="All Loaded Results" id="19431567-8539-422a-85d7-44ee4e166bda" />
  </TestLists>
  <TestEntries>
    <TestEntry testId="1c488b03-c9f6-ea7b-5177-3462cab4f7dc" executionId="a090f92d-84bf-4dcc-8e78-08a9016ed454" testListId="8c84fa94-04c1-424b-9868-57a2d4851a1d" />
    <TestEntry testId="5362e4b9-e088-7416-4e9f-da39f3300b82" executionId="b43565b6-177a-4d51-98ce-a3b55ea60164" testListId="8c84fa94-04c1-424b-9868-57a2d4851a1d" />
    <TestEntry testId="84e14121-214a-de50-8bb2-21a94d2f84f8" executionId="ecf3c604-b62e-4ebd-ab5c-06578cc8798a" testListId="8c84fa94-04c1-424b-9868-57a2d4851a1d" />
    <TestEntry testId="a2994f62-9145-fbd7-044f-adb21377c3e7" executionId="05a59af9-7258-484e-9a71-e592b7ae649e" testListId="8c84fa94-04c1-424b-9868-57a2d4851a1d" />
    <TestEntry testId="da905ae7-2aeb-58b6-155e-c1db41d86cba" executionId="f030c3a3-7bd3-4254-b064-66a7a10395ee" testListId="8c84fa94-04c1-424b-9868-57a2d4851a1d" />
    <TestEntry testId="f05d7b71-9cb7-a3d9-750a-e0403c6d208b" executionId="5f10ea16-1a2e-4c4a-9d65-33c8454844fb" testListId="8c84fa94-04c1-424b-9868-57a2d4851a1d" />
  </TestEntries>
  <Results>
    <UnitTestResult executionId="a090f92d-84bf-4dcc-8e78-08a9016ed454" testId="1c488b03-c9f6-ea7b-5177-3462cab4f7dc" testName="TestSimpleMessage" computerName="TONY-XPS" duration="00:00:00.0316189" startTime="2011-03-20T17:26:01.2135669-05:00" endTime="2011-03-20T17:26:01.5115839-05:00" testType="13cdc9d9-ddb5-4fa4-a97d-d965ccfc6d4b" outcome="Passed" testListId="8c84fa94-04c1-424b-9868-57a2d4851a1d" relativeResultsDirectory="a090f92d-84bf-4dcc-8e78-08a9016ed454">
    </UnitTestResult>
    <UnitTestResult executionId="b43565b6-177a-4d51-98ce-a3b55ea60164" testId="5362e4b9-e088-7416-4e9f-da39f3300b82" testName="TestTwoWayMessage" computerName="TONY-XPS" duration="00:00:00.0165866" startTime="2011-03-20T17:26:01.5265848-05:00" endTime="2011-03-20T17:26:01.5605867-05:00" testType="13cdc9d9-ddb5-4fa4-a97d-d965ccfc6d4b" outcome="Passed" testListId="8c84fa94-04c1-424b-9868-57a2d4851a1d" relativeResultsDirectory="b43565b6-177a-4d51-98ce-a3b55ea60164">
    </UnitTestResult>
    <UnitTestResult executionId="ecf3c604-b62e-4ebd-ab5c-06578cc8798a" testId="84e14121-214a-de50-8bb2-21a94d2f84f8" testName="TestRepeatSend" computerName="TONY-XPS" duration="00:00:00.0036672" startTime="2011-03-20T17:26:01.5665871-05:00" endTime="2011-03-20T17:26:01.5845881-05:00" testType="13cdc9d9-ddb5-4fa4-a97d-d965ccfc6d4b" outcome="Passed" testListId="8c84fa94-04c1-424b-9868-57a2d4851a1d" relativeResultsDirectory="ecf3c604-b62e-4ebd-ab5c-06578cc8798a">
    </UnitTestResult>
    <UnitTestResult executionId="05a59af9-7258-484e-9a71-e592b7ae649e" testId="a2994f62-9145-fbd7-044f-adb21377c3e7" testName="TestReceiverUnregister" computerName="TONY-XPS" duration="00:00:00.0059761" startTime="2011-03-20T17:26:01.5895884-05:00" endTime="2011-03-20T17:26:01.6085895-05:00" testType="13cdc9d9-ddb5-4fa4-a97d-d965ccfc6d4b" outcome="Passed" testListId="8c84fa94-04c1-424b-9868-57a2d4851a1d" relativeResultsDirectory="05a59af9-7258-484e-9a71-e592b7ae649e">
    </UnitTestResult>
    <UnitTestResult executionId="f030c3a3-7bd3-4254-b064-66a7a10395ee" testId="da905ae7-2aeb-58b6-155e-c1db41d86cba" testName="TestReceiverCleanup" computerName="TONY-XPS" duration="00:00:01.0029384" startTime="2011-03-20T17:26:01.6225903-05:00" endTime="2011-03-20T17:26:02.6426486-05:00" testType="13cdc9d9-ddb5-4fa4-a97d-d965ccfc6d4b" outcome="Passed" testListId="8c84fa94-04c1-424b-9868-57a2d4851a1d" relativeResultsDirectory="f030c3a3-7bd3-4254-b064-66a7a10395ee">
    </UnitTestResult>
    <UnitTestResult executionId="5f10ea16-1a2e-4c4a-9d65-33c8454844fb" testId="f05d7b71-9cb7-a3d9-750a-e0403c6d208b" testName="TestOneWayMessage" computerName="TONY-XPS" duration="00:00:00.0017669" startTime="2011-03-20T17:26:02.6516491-05:00" endTime="2011-03-20T17:26:02.6656499-05:00" testType="13cdc9d9-ddb5-4fa4-a97d-d965ccfc6d4b" outcome="Passed" testListId="8c84fa94-04c1-424b-9868-57a2d4851a1d" relativeResultsDirectory="5f10ea16-1a2e-4c4a-9d65-33c8454844fb">
    </UnitTestResult>
  </Results>
</TestRun>